Sep 21 03:29:06 mta02 amavis[376]: (00376-07) Passed CLEAN {RelayedOutbound}, ORIGINATING LOCAL [179.97.41.230]:9832 [179.97.41.230] <marina@mptmail.net.mm> -> <anavarro32.an@gmail.com>,<breitschaedelp@gmail.com>,<chavezpatrick20@gmail.com>,<josereyes105346@gmail.com>,<bilal_jutt94@hotmail.com>,<nunocelina@hotmail.com>, Queue-ID: EBD104279FC, Message-ID: <52BE1BFB.3653377CECE997F4@mptmail.net.mm>, mail_id: tdRPRvBOtIJd, Hits: -, size: 823, queued_as: E5687427A08, 144 ms
Sep 21 03:29:06 mta02 postfix/smtp[2317]: EBD104279FC: to=<anavarro32.an@gmail.com>, relay=127.0.0.1[127.0.0.1]:10026, delay=5.7, delays=5.5/0/0/0.14, dsn=2.0.0, status=sent (250 2.0.0 from MTA(smtp:[127.0.0.1]:10030): 250 2.0.0 Ok: queued as E5687427A08)
Sep 21 03:29:06 mta02 postfix/smtp[2317]: EBD104279FC: to=<breitschaedelp@gmail.com>, relay=127.0.0.1[127.0.0.1]:10026, delay=5.7, delays=5.5/0/0/0.14, dsn=2.0.0, status=sent (250 2.0.0 from MTA(smtp:[127.0.0.1]:10030): 250 2.0.0 Ok: queued as E5687427A08)
Sep 21 03:29:06 mta02 postfix/smtp[2317]: EBD104279FC: to=<chavezpatrick20@gmail.com>, relay=127.0.0.1[127.0.0.1]:10026, delay=5.7, delays=5.5/0/0/0.14, dsn=2.0.0, status=sent (250 2.0.0 from MTA(smtp:[127.0.0.1]:10030): 250 2.0.0 Ok: queued as E5687427A08)
Sep 21 03:29:06 mta02 postfix/smtp[2317]: EBD104279FC: to=<josereyes105346@gmail.com>, relay=127.0.0.1[127.0.0.1]:10026, delay=5.7, delays=5.5/0/0/0.14, dsn=2.0.0, status=sent (250 2.0.0 from MTA(smtp:[127.0.0.1]:10030): 250 2.0.0 Ok: queued as E5687427A08)
Sep 21 03:29:06 mta02 postfix/smtp[2317]: EBD104279FC: to=<bilal_jutt94@hotmail.com>, relay=127.0.0.1[127.0.0.1]:10026, delay=5.7, delays=5.5/0/0/0.14, dsn=2.0.0, status=sent (250 2.0.0 from MTA(smtp:[127.0.0.1]:10030): 250 2.0.0 Ok: queued as E5687427A08)
Sep 21 03:29:06 mta02 postfix/smtp[2317]: EBD104279FC: to=<nunocelina@hotmail.com>, relay=127.0.0.1[127.0.0.1]:10026, delay=5.7, delays=5.5/0/0/0.14, dsn=2.0.0, status=sent (250 2.0.0 from MTA(smtp:[127.0.0.1]:10030): 250 2.0.0 Ok: queued as E5687427A08)
Sep 21 03:29:06 mta02 postfix/qmgr[16850]: EBD104279FC: removed
Sep 21 03:29:06 mta02 amavis[376]: (00376-07) size: 823, TIMING [total 146 ms, cpu 45 ms] - SMTP greeting: 1.2 (1%)1, SMTP EHLO: 0.3 (0%)1, SMTP pre-MAIL: 0.3 (0%)1, lookup_ldap: 3.1 (2%)3, lookup_ldap: 3.7 (3%)6, lookup_ldap: 1.7 (1%)7, lookup_ldap: 1.6 (1%)8, lookup_ldap: 1.7 (1%)9, lookup_ldap: 1.6 (1%)10, SMTP pre-DATA-flush: 0.6 (0%)11, SMTP DATA: 26 (18%)29, check_init: 0.2 (0%)29, digest_hdr: 0.6 (0%)29, digest_body_dkim: 0.2 (0%)30, collect_info: 1.1 (1%)30, mime_decode: 4.3 (3%)33, get-file-type1: 9 (6%)39, decompose_part: 0.6 (0%)40, parts_decode: 0.0 (0%)40, check_header: 0.7 (0%)40, AV-scan-1: 6 (4%)44, decide_mail_destiny: 0.6 (0%)45, notif-quar: 0.4 (0%)45, fwd-connect: 3.5 (2%)48, fwd-mail-pip: 22 (15%)62, fwd-rcpt-pip: 0.4 (0%)63, fwd-data-chkpnt: 0.0 (0%)63, write-header: 0.4 (0%)63, fwd-data-contents: 0.1 (0%)63, fwd-end-chkpnt: 47 (32%)95, prepare-dsn: 0.6 (0%)95, report: 1.8 (1%)96, main_log_entry: 3.7 (3%)99, update_snmp: 0.3 (0%)99, SMTP pre-response: 0.2 (0%)99, SMTP respons...
Sep 21 03:29:06 mta02 amavis[376]: (00376-07) ...e: 0.1 (0%)99, unlink-2-files: 0.2 (0%)100, rundown: 0.7 (0%)100
Sep 21 03:29:06 mta02 amavis[376]: (00376-07) size: 823, RUSAGE minflt=3179+1090, majflt=0+0, nswap=0+0, inblock=0+0, oublock=24+0, msgsnd=0+0, msgrcv=0+0, nsignals=0+0, nvcsw=41+1, nivcsw=1+1, maxrss=101872+99392, ixrss=0+0, idrss=0+0, isrss=0+0, utime=0.030+0.002, stime=0.011+0.002
Sep 21 03:29:06 mta02 amavis[31044]: (31044-15) ESMTP:[127.0.0.1]:10032 /opt/zimbra/data/amavisd/tmp/amavis-20180921T032128-31044-9Oz3f70Q: <marina@mptmail.net.mm> -> <anavarro32.an@gmail.com>,<breitschaedelp@gmail.com>,<chavezpatrick20@gmail.com>,<josereyes105346@gmail.com>,<bilal_jutt94@hotmail.com>,<nunocelina@hotmail.com> SIZE=1254 Received: from smtp01.mpt.net.mm ([127.0.0.1]) by localhost (mta02.mpt.net.mm [127.0.0.1]) (amavisd-new, port 10032) with ESMTP; Fri, 21 Sep 2018 03:29:06 +0630 (MMT)
Sep 21 03:29:06 mta02 postfix/smtpd[25861]: 69127427A05: filter: RCPT from unknown[189.14.193.59]: <marina@mptmail.net.mm>: Sender address triggers FILTER smtp-amavis:[127.0.0.1]:10026; from=<marina@mptmail.net.mm> to=<womori1938@gmail.com> proto=ESMTP helo=<[127.0.0.1]>
Sep 21 03:29:06 mta02 amavis[31044]: (31044-15) Checking: Zds1Doitt-KZ ORIGINATING_POST/MYNETS [127.0.0.1] <marina@mptmail.net.mm> -> <anavarro32.an@gmail.com>,<breitschaedelp@gmail.com>,<chavezpatrick20@gmail.com>,<josereyes105346@gmail.com>,<bilal_jutt94@hotmail.com>,<nunocelina@hotmail.com>
Sep 21 03:29:06 mta02 amavis[31044]: (31044-15) p001 1 Content-Type: text/plain, size: 175 B, name: 
Sep 21 03:29:06 mta02 postfix/cleanup[1726]: 0E22F4279FC: message-id=<20180920205906.0E22F4279FC@smtp01.mpt.net.mm>
Sep 21 03:29:06 mta02 postfix/bounce[1598]: 486F0427A06: sender non-delivery notification: 0E22F4279FC
Sep 21 03:29:06 mta02 postfix/qmgr[16850]: 0E22F4279FC: from=<>, size=3786, nrcpt=1 (queue active)
Sep 21 03:29:06 mta02 postfix/qmgr[16850]: 486F0427A06: removed
Sep 21 03:29:06 mta02 postfix/amavisd/smtpd[27769]: connect from localhost.localdomain[127.0.0.1]
Sep 21 03:29:06 mta02 postfix/amavisd/smtpd[27769]: 34BE1427775: client=localhost.localdomain[127.0.0.1]
Sep 21 03:29:06 mta02 postfix/cleanup[2398]: 34BE1427775: message-id=<52BE1BFB.3653377CECE997F4@mptmail.net.mm>
Sep 21 03:29:06 mta02 postfix/amavisd/smtpd[27769]: disconnect from localhost.localdomain[127.0.0.1]
Sep 21 03:29:06 mta02 postfix/qmgr[16850]: 34BE1427775: from=<marina@mptmail.net.mm>, size=1567, nrcpt=6 (queue active)
Sep 21 03:29:06 mta02 amavis[31044]: (31044-15) Zds1Doitt-KZ FWD from <marina@mptmail.net.mm> -> <anavarro32.an@gmail.com>,<breitschaedelp@gmail.com>,<chavezpatrick20@gmail.com>,<josereyes105346@gmail.com>,<bilal_jutt94@hotmail.com>,<nunocelina@hotmail.com>, BODY=7BIT 250 2.0.0 from MTA(smtp:[127.0.0.1]:10025): 250 2.0.0 Ok: queued as 34BE1427775
Sep 21 03:29:06 mta02 amavis[31044]: (31044-15) Passed CLEAN {RelayedOutbound}, ORIGINATING_POST/MYNETS LOCAL [127.0.0.1]:49716 [179.97.41.230] <marina@mptmail.net.mm> -> <anavarro32.an@gmail.com>,<breitschaedelp@gmail.com>,<chavezpatrick20@gmail.com>,<josereyes105346@gmail.com>,<bilal_jutt94@hotmail.com>,<nunocelina@hotmail.com>, Queue-ID: E5687427A08, Message-ID: <52BE1BFB.3653377CECE997F4@mptmail.net.mm>, mail_id: Zds1Doitt-KZ, Hits: -1.001, size: 1217, queued_as: 34BE1427775, 233 ms
Sep 21 03:29:06 mta02 amavis[31044]: (31044-15) TIMING-SA [total 137 ms, cpu 79 ms] - parse: 1.12 (0.8%), extract_message_metadata: 7 (5.4%), get_uri_detail_list: 0.57 (0.4%), tests_pri_-1000: 9 (6.8%), tests_pri_-950: 1.33 (1.0%), tests_pri_-900: 1.07 (0.8%), tests_pri_-400: 11 (7.7%), check_bayes: 10 (7.0%), b_tokenize: 3.1 (2.3%), b_tok_get_all: 2.2 (1.6%), b_comp_prob: 2.2 (1.6%), b_tok_touch_all: 0.09 (0.1%), b_finish: 0.64 (0.5%), tests_pri_0: 37 (26.9%), check_dkim_adsp: 2.7 (2.0%), check_spf: 0.34 (0.2%), check_pyzor: 0.18 (0.1%), tests_pri_500: 65 (47.1%), poll_dns_idle: 59 (43.3%), get_report: 0.35 (0.3%)
Sep 21 03:29:06 mta02 postfix/smtp[2245]: E5687427A08: to=<anavarro32.an@gmail.com>, relay=127.0.0.1[127.0.0.1]:10032, delay=0.3, delays=0.07/0/0/0.23, dsn=2.0.0, status=sent (250 2.0.0 from MTA(smtp:[127.0.0.1]:10025): 250 2.0.0 Ok: queued as 34BE1427775)
Sep 21 03:29:06 mta02 postfix/smtp[2245]: E5687427A08: to=<breitschaedelp@gmail.com>, relay=127.0.0.1[127.0.0.1]:10032, delay=0.3, delays=0.07/0/0/0.23, dsn=2.0.0, status=sent (250 2.0.0 from MTA(smtp:[127.0.0.1]:10025): 250 2.0.0 Ok: queued as 34BE1427775)
Sep 21 03:29:06 mta02 postfix/smtp[2245]: E5687427A08: to=<chavezpatrick20@gmail.com>, relay=127.0.0.1[127.0.0.1]:10032, delay=0.3, delays=0.07/0/0/0.23, dsn=2.0.0, status=sent (250 2.0.0 from MTA(smtp:[127.0.0.1]:10025): 250 2.0.0 Ok: queued as 34BE1427775)
Sep 21 03:29:06 mta02 postfix/smtp[2245]: E5687427A08: to=<josereyes105346@gmail.com>, relay=127.0.0.1[127.0.0.1]:10032, delay=0.3, delays=0.07/0/0/0.23, dsn=2.0.0, status=sent (250 2.0.0 from MTA(smtp:[127.0.0.1]:10025): 250 2.0.0 Ok: queued as 34BE1427775)
Sep 21 03:29:06 mta02 postfix/smtp[2245]: E5687427A08: to=<bilal_jutt94@hotmail.com>, relay=127.0.0.1[127.0.0.1]:10032, delay=0.3, delays=0.07/0/0/0.23, dsn=2.0.0, status=sent (250 2.0.0 from MTA(smtp:[127.0.0.1]:10025): 250 2.0.0 Ok: queued as 34BE1427775)
Sep 21 03:29:06 mta02 postfix/smtp[2245]: E5687427A08: to=<nunocelina@hotmail.com>, relay=127.0.0.1[127.0.0.1]:10032, delay=0.3, delays=0.07/0/0/0.23, dsn=2.0.0, status=sent (250 2.0.0 from MTA(smtp:[127.0.0.1]:10025): 250 2.0.0 Ok: queued as 34BE1427775)
Sep 21 03:29:06 mta02 amavis[31044]: (31044-15) size: 1217, TIMING [total 235 ms, cpu 126 ms, AM-cpu 47 ms, SA-cpu 79 ms] - SMTP greeting: 1.3 (1%)1, SMTP EHLO: 0.4 (0%)1, SMTP pre-MAIL: 0.3 (0%)1, lookup_ldap: 3.3 (1%)2, lookup_ldap: 1.8 (1%)3, lookup_ldap: 1.6 (1%)4, lookup_ldap: 1.7 (1%)4, lookup_ldap: 1.6 (1%)5, lookup_ldap: 1.6 (1%)6, SMTP pre-DATA-flush: 0.5 (0%)6, SMTP DATA: 28 (12%)18, check_init: 0.2 (0%)18, digest_hdr: 0.7 (0%)18, digest_body_dkim: 0.2 (0%)18, collect_info: 1.7 (1%)19, mime_decode: 4.4 (2%)21, get-file-type1: 8 (3%)24, decompose_part: 0.6 (0%)25, parts_decode: 0.0 (0%)25, check_header: 0.7 (0%)25, spam-wb-list: 3.4 (1%)26, SA msg read: 0.4 (0%)27, SA parse: 1.9 (1%)27, SA check: 134 (57%)85, decide_mail_destiny: 3.8 (2%)86, notif-quar: 0.4 (0%)87, fwd-connect: 3.6 (2%)88, fwd-mail-pip: 18 (8%)96, fwd-rcpt-pip: 0.3 (0%)96, fwd-data-chkpnt: 0.0 (0%)96, write-header: 0.3 (0%)96, fwd-data-contents: 0.0 (0%)96, fwd-end-chkpnt: 2.5 (1%)97, prepare-dsn: 0.6 (0%)97, report: 1.7 (1...
Sep 21 03:29:06 mta02 amavis[31044]: (31044-15) ...%)98, main_log_entry: 3.1 (1%)99, update_snmp: 0.3 (0%)100, SMTP pre-response: 0.1 (0%)100, SMTP response: 0.1 (0%)100, unlink-1-files: 0.2 (0%)100, rundown: 0.6 (0%)100
Sep 21 03:29:06 mta02 amavis[31044]: (31044-15) size: 1217, RUSAGE minflt=7193+1088, majflt=0+0, nswap=0+0, inblock=0+0, oublock=40+0, msgsnd=0+0, msgrcv=0+0, nsignals=0+0, nvcsw=46+1, nivcsw=1+1, maxrss=102176+99488, ixrss=0+0, idrss=0+0, isrss=0+0, utime=0.106+0.001, stime=0.016+0.003
Sep 21 03:29:06 mta02 postfix/qmgr[16850]: E5687427A08: removed
Sep 21 03:29:06 mta02 postfix/lmtp[1611]: 0E22F4279FC: to=<marina@mptmail.net.mm>, relay=store01.mpt.net.mm[192.168.255.40]:7025, delay=0.25, delays=0.05/0.08/0.08/0.04, dsn=4.2.2, status=deferred (host store01.mpt.net.mm[192.168.255.40] said: 452 4.2.2 Over quota (in reply to end of DATA command))
Sep 21 03:29:06 mta02 postfix/smtp[31694]: 1D9B44279F5: to=<dheerajjoshi02@gmail.com>, relay=gmail-smtp-in.l.google.com[172.217.194.26]:25, delay=2.5, delays=0.01/0.01/0.62/1.8, dsn=2.0.0, status=sent (250 2.0.0 OK 1537477146 u26-v6si22311253pge.590 - gsmtp)
Sep 21 03:29:06 mta02 postfix/smtp[31694]: 1D9B44279F5: to=<kzmzach99miller@gmail.com>, relay=gmail-smtp-in.l.google.com[172.217.194.26]:25, delay=2.5, delays=0.01/0.01/0.62/1.8, dsn=2.0.0, status=sent (250 2.0.0 OK 1537477146 u26-v6si22311253pge.590 - gsmtp)
Sep 21 03:29:06 mta02 postfix/smtp[29203]: DCB49427A0A: enabling PIX workarounds: disable_esmtp delay_dotcrlf for mta6.am0.yahoodns.net[66.218.85.139]:25
Sep 21 03:29:06 mta02 postfix/smtpd[25861]: 69127427A05: filter: RCPT from unknown[189.14.193.59]: <marina@mptmail.net.mm>: Sender address triggers FILTER smtp-amavis:[127.0.0.1]:10026; from=<marina@mptmail.net.mm> to=<calderchristy@yahoo.com> proto=ESMTP helo=<[127.0.0.1]>
Sep 21 03:29:06 mta02 postfix/smtp[18898]: 1D9B44279F5: to=<akeemzulu@icloud.com>, relay=mx6.mail.icloud.com[17.57.8.144]:25, delay=2.6, delays=0.01/0.01/0.82/1.8, dsn=5.7.1, status=bounced (host mx6.mail.icloud.com[17.57.8.144] said: 550 5.7.1 [CS02] Message rejected due to local policy. Please visit https://support.apple.com/en-us/HT204137 (in reply to end of DATA command))
Sep 21 03:29:06 mta02 postfix/smtp[31760]: 34BE1427775: enabling PIX workarounds: disable_esmtp delay_dotcrlf for hotmail-com.olc.protection.outlook.com[104.47.4.33]:25
Sep 21 03:29:06 mta02 postfix/cleanup[1742]: B4E19427A09: message-id=<20180920205906.B4E19427A09@smtp01.mpt.net.mm>
Sep 21 03:29:06 mta02 postfix/bounce[1598]: 1D9B44279F5: sender non-delivery notification: B4E19427A09
Sep 21 03:29:06 mta02 postfix/qmgr[16850]: B4E19427A09: from=<>, size=3652, nrcpt=1 (queue active)
Sep 21 03:29:06 mta02 postfix/qmgr[16850]: 1D9B44279F5: removed
Sep 21 03:29:06 mta02 postfix/lmtp[31740]: B4E19427A09: to=<marina@mptmail.net.mm>, relay=store01.mpt.net.mm[192.168.255.40]:7025, delay=0.25, delays=0.05/0.08/0.08/0.04, dsn=4.2.2, status=deferred (host store01.mpt.net.mm[192.168.255.40] said: 452 4.2.2 Over quota (in reply to end of DATA command))
Sep 21 03:29:07 mta02 postfix/smtpd[2333]: connect from slb01.mpt.net.mm[192.168.255.124]
Sep 21 03:29:07 mta02 postfix/smtpd[2333]: lost connection after CONNECT from slb01.mpt.net.mm[192.168.255.124]
Sep 21 03:29:07 mta02 postfix/smtpd[2333]: disconnect from slb01.mpt.net.mm[192.168.255.124]
Sep 21 03:29:07 mta02 postfix/smtp[29203]: DCB49427A0A: host mta6.am0.yahoodns.net[66.218.85.139] said: 421 4.7.0 [TSS04] Messages from 203.81.64.98 temporarily deferred due to user complaints - 4.16.55.1; see https://help.yahoo.com/kb/postmaster/SLN3434.html (in reply to MAIL FROM command)
Sep 21 03:29:07 mta02 postfix/smtpd[25861]: 69127427A05: filter: RCPT from unknown[189.14.193.59]: <marina@mptmail.net.mm>: Sender address triggers FILTER smtp-amavis:[127.0.0.1]:10026; from=<marina@mptmail.net.mm> to=<adoriabrandy@yahoo.com> proto=ESMTP helo=<[127.0.0.1]>
Sep 21 03:29:07 mta02 postfix/smtpd[20446]: connect from slb02.mpt.net.mm[192.168.255.125]
Sep 21 03:29:07 mta02 postfix/smtpd[20446]: lost connection after CONNECT from slb02.mpt.net.mm[192.168.255.125]
Sep 21 03:29:07 mta02 postfix/smtpd[20446]: disconnect from slb02.mpt.net.mm[192.168.255.125]
Sep 21 03:29:07 mta02 postfix/smtpd[15017]: NOQUEUE: filter: RCPT from unknown[201.150.145.14]: <marina@mptmail.net.mm>: Sender address triggers FILTER smtp-amavis:[127.0.0.1]:10026; from=<marina@mptmail.net.mm> to=<nickguthrie82@gmail.com> proto=ESMTP helo=<[127.0.0.1]>
Sep 21 03:29:07 mta02 postfix/smtpd[15017]: 635B2427A08: client=unknown[201.150.145.14], sasl_method=PLAIN, sasl_username=marina@mptmail.net.mm
Sep 21 03:29:07 mta02 postfix/smtp[31760]: 34BE1427775: host hotmail-com.olc.protection.outlook.com[104.47.4.33] said: 452 4.5.3 Recipients belong to multiple regions ATTR38 [AM5EUR02FT035.eop-EUR02.prod.protection.outlook.com] (in reply to RCPT TO command)
Sep 21 03:29:07 mta02 postfix/smtpd[23542]: NOQUEUE: filter: RCPT from unknown[179.97.41.230]: <marina@mptmail.net.mm>: Sender address triggers FILTER smtp-amavis:[127.0.0.1]:10026; from=<marina@mptmail.net.mm> to=<neik_666@hotmail.com> proto=ESMTP helo=<[127.0.0.1]>
Sep 21 03:29:07 mta02 postfix/smtpd[23542]: B9399427A0C: client=unknown[179.97.41.230], sasl_method=PLAIN, sasl_username=marina@mptmail.net.mm
Sep 21 03:29:07 mta02 postfix/smtp[29203]: DCB49427A0A: enabling PIX workarounds: disable_esmtp delay_dotcrlf for mta6.am0.yahoodns.net[98.137.159.25]:25
Sep 21 03:29:07 mta02 postfix/smtpd[25861]: 69127427A05: filter: RCPT from unknown[189.14.193.59]: <marina@mptmail.net.mm>: Sender address triggers FILTER smtp-amavis:[127.0.0.1]:10026; from=<marina@mptmail.net.mm> to=<killaj870@yahoo.com> proto=ESMTP helo=<[127.0.0.1]>
Sep 21 03:29:08 mta02 postfix/smtpd[15017]: 635B2427A08: filter: RCPT from unknown[201.150.145.14]: <marina@mptmail.net.mm>: Sender address triggers FILTER smtp-amavis:[127.0.0.1]:10026; from=<marina@mptmail.net.mm> to=<chris1davis1014@gmail.com> proto=ESMTP helo=<[127.0.0.1]>
Sep 21 03:29:08 mta02 postfix/smtp[29203]: DCB49427A0A: to=<jronaldrushton@yahoo.com>, relay=mta6.am0.yahoodns.net[98.137.159.25]:25, delay=2.4, delays=0.01/0/2.1/0.26, dsn=4.7.0, status=deferred (host mta6.am0.yahoodns.net[98.137.159.25] said: 421 4.7.0 [TSS04] Messages from 203.81.64.98 temporarily deferred due to user complaints - 4.16.55.1; see https://help.yahoo.com/kb/postmaster/SLN3434.html (in reply to MAIL FROM command))
Sep 21 03:29:08 mta02 postfix/smtp[31760]: 34BE1427775: to=<bilal_jutt94@hotmail.com>, relay=hotmail-com.olc.protection.outlook.com[104.47.4.33]:25, delay=2.1, delays=0.02/0.02/0.75/1.3, dsn=2.6.0, status=sent (250 2.6.0 <52BE1BFB.3653377CECE997F4@mptmail.net.mm> [InternalId=14379550591042, Hostname=AM5EUR02HT123.eop-EUR02.prod.protection.outlook.com] 7861 bytes in 0.171, 44.740 KB/sec Queued mail for delivery)
Sep 21 03:29:08 mta02 postfix/smtpd[2333]: connect from unknown[185.234.219.50]
Sep 21 03:29:08 mta02 postfix/submission/smtpd[2304]: connect from slb02.mpt.net.mm[192.168.255.125]
Sep 21 03:29:08 mta02 postfix/submission/smtpd[2304]: lost connection after CONNECT from slb02.mpt.net.mm[192.168.255.125]
Sep 21 03:29:08 mta02 postfix/submission/smtpd[2304]: disconnect from slb02.mpt.net.mm[192.168.255.125]
Sep 21 03:29:08 mta02 postfix/smtpd[25861]: 69127427A05: filter: RCPT from unknown[189.14.193.59]: <marina@mptmail.net.mm>: Sender address triggers FILTER smtp-amavis:[127.0.0.1]:10026; from=<marina@mptmail.net.mm> to=<jeremyaf17@gmail.com> proto=ESMTP helo=<[127.0.0.1]>
Sep 21 03:29:08 mta02 postfix/smtp[26729]: 34BE1427775: to=<anavarro32.an@gmail.com>, relay=gmail-smtp-in.l.google.com[172.217.194.26]:25, conn_use=2, delay=2.5, delays=0.02/0.02/0.2/2.2, dsn=2.0.0, status=sent (250 2.0.0 OK 1537477148 13-v6si20951278pgs.579 - gsmtp)
Sep 21 03:29:08 mta02 postfix/smtp[26729]: 34BE1427775: to=<breitschaedelp@gmail.com>, relay=gmail-smtp-in.l.google.com[172.217.194.26]:25, conn_use=2, delay=2.5, delays=0.02/0.02/0.2/2.2, dsn=2.0.0, status=sent (250 2.0.0 OK 1537477148 13-v6si20951278pgs.579 - gsmtp)
Sep 21 03:29:08 mta02 postfix/smtp[26729]: 34BE1427775: to=<chavezpatrick20@gmail.com>, relay=gmail-smtp-in.l.google.com[172.217.194.26]:25, conn_use=2, delay=2.5, delays=0.02/0.02/0.2/2.2, dsn=2.0.0, status=sent (250 2.0.0 OK 1537477148 13-v6si20951278pgs.579 - gsmtp)
Sep 21 03:29:08 mta02 postfix/smtp[26729]: 34BE1427775: to=<josereyes105346@gmail.com>, relay=gmail-smtp-in.l.google.com[172.217.194.26]:25, conn_use=2, delay=2.5, delays=0.02/0.02/0.2/2.2, dsn=2.0.0, status=sent (250 2.0.0 OK 1537477148 13-v6si20951278pgs.579 - gsmtp)
Sep 21 03:29:08 mta02 postfix/smtpd[15017]: 635B2427A08: filter: RCPT from unknown[201.150.145.14]: <marina@mptmail.net.mm>: Sender address triggers FILTER smtp-amavis:[127.0.0.1]:10026; from=<marina@mptmail.net.mm> to=<mckelvey199@gmail.com> proto=ESMTP helo=<[127.0.0.1]>
Sep 21 03:29:08 mta02 postfix/smtp[31760]: 34BE1427775: enabling PIX workarounds: disable_esmtp delay_dotcrlf for hotmail-com.olc.protection.outlook.com[104.47.6.33]:25
Sep 21 03:29:09 mta02 postfix/cleanup[2398]: B9399427A0C: message-id=<F5059283.1354216@mptmail.net.mm>
Sep 21 03:29:09 mta02 postfix/qmgr[16850]: B9399427A0C: from=<marina@mptmail.net.mm>, size=691, nrcpt=1 (queue active)
Sep 21 03:29:09 mta02 amavis[31727]: (31727-15) ESMTP:[127.0.0.1]:10026 /opt/zimbra/data/amavisd/tmp/amavis-20180921T032239-31727-KjHGibWS: <marina@mptmail.net.mm> -> <neik_666@hotmail.com> Received: from smtp01.mpt.net.mm ([127.0.0.1]) by localhost (mta02.mpt.net.mm [127.0.0.1]) (amavisd-new, port 10026) with ESMTP for <neik_666@hotmail.com>; Fri, 21 Sep 2018 03:29:09 +0630 (MMT)
Sep 21 03:29:09 mta02 amavis[31727]: (31727-15) Checking: 7iE9Mqe3_a0X ORIGINATING [179.97.41.230] <marina@mptmail.net.mm> -> <neik_666@hotmail.com>
Sep 21 03:29:09 mta02 amavis[31727]: (31727-15) p001 1 Content-Type: text/plain, size: 151 B, name: 
Sep 21 03:29:09 mta02 postfix/dkimmilter/smtpd[24700]: connect from localhost.localdomain[127.0.0.1]
Sep 21 03:29:09 mta02 postfix/dkimmilter/smtpd[24700]: 90811420480: client=localhost.localdomain[127.0.0.1]
Sep 21 03:29:09 mta02 postfix/cleanup[1742]: 90811420480: message-id=<F5059283.1354216@mptmail.net.mm>
Sep 21 03:29:09 mta02 opendkim[30936]: 90811420480: no signing table match for 'marina@mptmail.net.mm'
Sep 21 03:29:09 mta02 postfix/dkimmilter/smtpd[24700]: disconnect from localhost.localdomain[127.0.0.1]
Sep 21 03:29:09 mta02 postfix/qmgr[16850]: 90811420480: from=<marina@mptmail.net.mm>, size=1175, nrcpt=1 (queue active)
Sep 21 03:29:09 mta02 amavis[31727]: (31727-15) 7iE9Mqe3_a0X FWD from <marina@mptmail.net.mm> -> <neik_666@hotmail.com>, BODY=7BIT 250 2.0.0 from MTA(smtp:[127.0.0.1]:10030): 250 2.0.0 Ok: queued as 90811420480
Sep 21 03:29:09 mta02 amavis[31727]: (31727-15) Passed CLEAN {RelayedOutbound}, ORIGINATING LOCAL [179.97.41.230]:9832 [179.97.41.230] <marina@mptmail.net.mm> -> <neik_666@hotmail.com>, Queue-ID: B9399427A0C, Message-ID: <F5059283.1354216@mptmail.net.mm>, mail_id: 7iE9Mqe3_a0X, Hits: -, size: 691, queued_as: 90811420480, 129 ms
Sep 21 03:29:09 mta02 postfix/smtp[2316]: B9399427A0C: to=<neik_666@hotmail.com>, relay=127.0.0.1[127.0.0.1]:10026, delay=2.5, delays=2.4/0/0/0.13, dsn=2.0.0, status=sent (250 2.0.0 from MTA(smtp:[127.0.0.1]:10030): 250 2.0.0 Ok: queued as 90811420480)
Sep 21 03:29:09 mta02 postfix/qmgr[16850]: B9399427A0C: removed
Sep 21 03:29:09 mta02 amavis[2288]: (02288-06) ESMTP:[127.0.0.1]:10032 /opt/zimbra/data/amavisd/tmp/amavis-20180921T032814-02288-j2ar6bwJ: <marina@mptmail.net.mm> -> <neik_666@hotmail.com> SIZE=1175 Received: from smtp01.mpt.net.mm ([127.0.0.1]) by localhost (mta02.mpt.net.mm [127.0.0.1]) (amavisd-new, port 10032) with ESMTP for <neik_666@hotmail.com>; Fri, 21 Sep 2018 03:29:09 +0630 (MMT)
Sep 21 03:29:09 mta02 amavis[31727]: (31727-15) size: 691, TIMING [total 131 ms, cpu 38 ms] - SMTP greeting: 1.4 (1%)1, SMTP EHLO: 0.4 (0%)1, SMTP pre-MAIL: 0.3 (0%)2, lookup_ldap: 3.5 (3%)4, SMTP pre-DATA-flush: 0.6 (0%)5, SMTP DATA: 36 (27%)32, check_init: 0.2 (0%)32, digest_hdr: 0.5 (0%)32, digest_body_dkim: 0.2 (0%)33, collect_info: 1.0 (1%)33, mime_decode: 4.2 (3%)36, get-file-type1: 9 (7%)43, decompose_part: 0.6 (0%)44, parts_decode: 0.0 (0%)44, check_header: 0.5 (0%)44, AV-scan-1: 6 (5%)49, decide_mail_destiny: 0.4 (0%)49, notif-quar: 0.3 (0%)49, fwd-connect: 3.5 (3%)52, fwd-mail-pip: 7 (5%)57, fwd-rcpt-pip: 0.2 (0%)57, fwd-data-chkpnt: 0.0 (0%)57, write-header: 0.4 (0%)57, fwd-data-contents: 0.1 (0%)57, fwd-end-chkpnt: 49 (37%)95, prepare-dsn: 0.5 (0%)95, report: 1.3 (1%)96, main_log_entry: 3.9 (3%)99, update_snmp: 0.3 (0%)99, SMTP pre-response: 0.1 (0%)99, SMTP response: 0.1 (0%)99, unlink-2-files: 0.2 (0%)100, rundown: 0.6 (0%)100
Sep 21 03:29:09 mta02 amavis[31727]: (31727-15) size: 691, RUSAGE minflt=3154+1092, majflt=0+0, nswap=0+0, inblock=0+0, oublock=24+0, msgsnd=0+0, msgrcv=0+0, nsignals=0+0, nvcsw=31+1, nivcsw=1+1, maxrss=102048+99564, ixrss=0+0, idrss=0+0, isrss=0+0, utime=0.028+0.002, stime=0.006+0.002
Sep 21 03:29:09 mta02 amavis[2288]: (02288-06) Checking: H44zrdbojbJX ORIGINATING_POST/MYNETS [127.0.0.1] <marina@mptmail.net.mm> -> <neik_666@hotmail.com>
